Eye:
[1;31m
* *
* *
* *
* *
* *
* *
* *
* *

* * * * * * * *
* * * * * * * *

El:
[1;34m
* *
* *
* *
* *
* * * *
* * * *

        * *
        * *
* * * * * *
* * * * * *

* * * *
* * * *
    * *
    * *
    * *
    * *

* * * * * *
* * * * * *
* *
* *

ElInv:
[1;35m

    * *
    * *
    * *
    * *
* * * *
* * * *

* * * * * *
* * * * * *
        * *
        * *

* * * *
* * * *
* *
* *
* *
* *

* *
* *
* * * * * *
* * * * * *

Zee:
[1;36m

* * * *
* * * *
    * * * *
    * * * *

    * *
    * *
* * * *
* * * *
* *
* *

ZeeInv:
[1;37m

    * * * *
    * * * *
* * * *
* * * *

* *
* *
* * * *
* * * *
    * *
    * *

Square:
[1;33m

* * * *
* * * *
* * * *
* * * *

Tee:
[1;34m
* * * * * *
* * * * * *
    * *    
    * *    

    * *
    * *
* * * *
* * * *
    * *
    * *

    * *    
    * *    
* * * * * *
* * * * * *

* *    
* *    
* * * *
* * * *
* *    
* *   

[0;0m